> Task :buildSrc:checkKotlinGradlePluginConfigurationErrors
> Task :buildSrc:compileKotlin UP-TO-DATE
> Task :buildSrc:compileJava NO-SOURCE
> Task :buildSrc:compileGroovy NO-SOURCE
> Task :buildSrc:pluginDescriptors UP-TO-DATE
> Task :buildSrc:processResources UP-TO-DATE
> Task :buildSrc:classes UP-TO-DATE
> Task :buildSrc:jar UP-TO-DATE

> Configure project :TMessagesProj
WARNING: The option setting 'android.defaults.buildfeatures.buildconfig=true' is deprecated.
The current default is 'false'.
It will be removed in version 9.0 of the Android Gradle plugin.
To keep using this feature, add the following to your module-level build.gradle files:
    android.buildFeatures.buildConfig = true
or from Android Studio, click: `Refactor` > `Migrate BuildConfig to Gradle Build Files`.

> Task :TMessagesProj:checkVisibility
> Task :TMessagesProj:preBuild
> Task :TMessagesProj:preDebugBuild
> Task :TMessagesProj:configureCMakeDebug[arm64-v8a]
> Task :TMessagesProj_App:preBuild UP-TO-DATE
> Task :TMessagesProj_App:preAfatDebugBuild UP-TO-DATE
> Task :TMessagesProj_App:mergeAfatDebugJniLibFolders UP-TO-DATE
> Task :TMessagesProj_App:generateAfatDebugBuildConfig UP-TO-DATE
> Task :TMessagesProj_App:javaPreCompileAfatDebug UP-TO-DATE
> Task :TMessagesProj_App:generateAfatDebugResValues UP-TO-DATE
> Task :TMessagesProj_App:processAfatDebugGoogleServices UP-TO-DATE
> Task :TMessagesProj_App:generateAfatDebugResources UP-TO-DATE
> Task :TMessagesProj_App:createAfatDebugCompatibleScreenManifests UP-TO-DATE
> Task :TMessagesProj_App:extractDeepLinksAfatDebug UP-TO-DATE
> Task :TMessagesProj_App:mergeAfatDebugShaders UP-TO-DATE
> Task :TMessagesProj_App:compileAfatDebugShaders NO-SOURCE
> Task :TMessagesProj_App:generateAfatDebugAssets UP-TO-DATE
> Task :TMessagesProj_App:l8DexDesugarLibAfatDebug UP-TO-DATE
> Task :TMessagesProj_App:processAfatDebugJavaRes NO-SOURCE
> Task :TMessagesProj_App:checkAfatDebugDuplicateClasses UP-TO-DATE
> Task :TMessagesProj_App:desugarAfatDebugFileDependencies UP-TO-DATE
> Task :TMessagesProj_App:mergeExtDexAfatDebug UP-TO-DATE
> Task :TMessagesProj_App:validateSigningAfatDebug UP-TO-DATE
> Task :TMessagesProj_App:writeAfatDebugAppMetadata UP-TO-DATE
> Task :TMessagesProj_App:writeAfatDebugSigningConfigVersions UP-TO-DATE
> Task :TMessagesProj:buildCMakeDebug[arm64-v8a]
> Task :TMessagesProj:configureCMakeDebug[armeabi-v7a]
> Task :TMessagesProj:buildCMakeDebug[armeabi-v7a]
> Task :TMessagesProj:configureCMakeDebug[x86]
> Task :TMessagesProj:buildCMakeDebug[x86]
> Task :TMessagesProj:configureCMakeDebug[x86_64]
> Task :TMessagesProj:buildCMakeDebug[x86_64]
> Task :TMessagesProj:mergeDebugJniLibFolders UP-TO-DATE
> Task :TMessagesProj:mergeDebugNativeLibs UP-TO-DATE
> Task :TMessagesProj:copyDebugJniLibsProjectOnly UP-TO-DATE
> Task :TMessagesProj:generateDebugBuildConfig UP-TO-DATE
> Task :TMessagesProj:generateDebugResValues UP-TO-DATE
> Task :TMessagesProj:generateDebugResources UP-TO-DATE
> Task :TMessagesProj:processDebugGoogleServices UP-TO-DATE
> Task :TMessagesProj:packageDebugResources UP-TO-DATE
> Task :TMessagesProj:parseDebugLocalResources UP-TO-DATE
> Task :TMessagesProj_App:mergeAfatDebugNativeLibs UP-TO-DATE
> Task :TMessagesProj_App:stripAfatDebugDebugSymbols UP-TO-DATE
> Task :TMessagesProj_App:extractAfatDebugNativeDebugMetadata UP-TO-DATE
> Task :TMessagesProj_App:mergeAfatDebugNativeDebugMetadata UP-TO-DATE
> Task :TMessagesProj:generateDebugRFile UP-TO-DATE
> Task :TMessagesProj_App:mapAfatDebugSourceSetPaths UP-TO-DATE
> Task :TMessagesProj:javaPreCompileDebug UP-TO-DATE
> Task :TMessagesProj_App:mergeAfatDebugResources UP-TO-DATE
> Task :TMessagesProj:compileDebugJavaWithJavac UP-TO-DATE
> Task :TMessagesProj:bundleLibCompileToJarDebug UP-TO-DATE
> Task :TMessagesProj:compileDebugLibraryResources UP-TO-DATE
> Task :TMessagesProj:writeDebugAarMetadata UP-TO-DATE
> Task :TMessagesProj:extractDeepLinksDebug UP-TO-DATE
> Task :TMessagesProj:processDebugManifest UP-TO-DATE
> Task :TMessagesProj:mergeDebugShaders UP-TO-DATE
> Task :TMessagesProj:compileDebugShaders NO-SOURCE
> Task :TMessagesProj:generateDebugAssets UP-TO-DATE
> Task :TMessagesProj:packageDebugAssets UP-TO-DATE
> Task :TMessagesProj:processDebugJavaRes NO-SOURCE
> Task :TMessagesProj:bundleLibRuntimeToJarDebug UP-TO-DATE
> Task :TMessagesProj_App:checkAfatDebugAarMetadata UP-TO-DATE
> Task :TMessagesProj_App:processAfatDebugMainManifest UP-TO-DATE
> Task :TMessagesProj_App:processAfatDebugManifest UP-TO-DATE
> Task :TMessagesProj_App:processAfatDebugManifestForPackage UP-TO-DATE
> Task :TMessagesProj_App:processAfatDebugResources UP-TO-DATE
> Task :TMessagesProj_App:compileAfatDebugJavaWithJavac UP-TO-DATE
> Task :TMessagesProj_App:mergeAfatDebugAssets UP-TO-DATE
> Task :TMessagesProj_App:compressAfatDebugAssets UP-TO-DATE
> Task :TMessagesProj_App:mergeAfatDebugJavaResource UP-TO-DATE
> Task :TMessagesProj_App:mergeLibDexAfatDebug UP-TO-DATE
> Task :TMessagesProj_App:dexBuilderAfatDebug UP-TO-DATE
> Task :TMessagesProj_App:mergeProjectDexAfatDebug UP-TO-DATE
> Task :TMessagesProj_App:packageAfatDebug UP-TO-DATE
> Task :TMessagesProj_App:createAfatDebugApkListingFileRedirect UP-TO-DATE
> Task :TMessagesProj_App:assembleAfatDebug UP-TO-DATE

BUILD SUCCESSFUL in 4s
70 actionable tasks: 10 executed, 60 up-to-date
